This is pdfTeX, Version 3.141592653-2.6-1.40.28 (MiKTeX 25.12) (preloaded format=pdflatex 2026.10.3)  3 OCT 2026 23:22
entering extended mode
 restricted \write18 enabled.
 %&-line parsing enabled.
**./main.tex
(main.tex
LaTeX2e <2025-11-01>
L3 programming layer <2025-12-24>

(C:\Users\Pc Planet\AppData\Local\Programs\MiKTeX\tex/latex/ieeetran\IEEEtran.c
ls
Document Class: IEEEtran 2015/08/26 V1.8b by Michael Shell
-- See the "IEEEtran_HOWTO" manual for usage information.
-- http://www.michaelshell.org/tex/ieeetran/
\@IEEEtrantmpdimenA=\dimen148
\@IEEEtrantmpdimenB=\dimen149
\@IEEEtrantmpdimenC=\dimen150
\@IEEEtrantmpcountA=\count275
\@IEEEtrantmpcountB=\count276
\@IEEEtrantmpcountC=\count277
\@IEEEtrantmptoksA=\toks17
LaTeX Font Info:    Trying to load font information for OT1+ptm on input line 5
03.
(C:\Users\Pc Planet\AppData\Local\Programs\MiKTeX\tex/latex/psnfss\ot1ptm.fd
File: ot1ptm.fd 2001/06/04 font definitions for OT1/ptm.
)
-- Using 8.5in x 11in (letter) paper.
-- Using PDF output.
\@IEEEnormalsizeunitybaselineskip=\dimen151
-- This is a 10 point document.
LaTeX Encoding Info:    Redeclaring text command \textunderscore (encoding ?) o
n input line 937.
\CLASSINFOnormalsizebaselineskip=\dimen152
\CLASSINFOnormalsizeunitybaselineskip=\dimen153
\IEEEnormaljot=\dimen154
LaTeX Font Info:    Font shape `OT1/ptm/bx/n' in size <5> not available
(Font)              Font shape `OT1/ptm/b/n' tried instead on input line 1090.
LaTeX Font Info:    Font shape `OT1/ptm/bx/it' in size <5> not available
(Font)              Font shape `OT1/ptm/b/it' tried instead on input line 1090.

LaTeX Font Info:    Font shape `OT1/ptm/bx/n' in size <7> not available
(Font)              Font shape `OT1/ptm/b/n' tried instead on input line 1090.
LaTeX Font Info:    Font shape `OT1/ptm/bx/it' in size <7> not available
(Font)              Font shape `OT1/ptm/b/it' tried instead on input line 1090.

LaTeX Font Info:    Font shape `OT1/ptm/bx/n' in size <8> not available
(Font)              Font shape `OT1/ptm/b/n' tried instead on input line 1090.
LaTeX Font Info:    Font shape `OT1/ptm/bx/it' in size <8> not available
(Font)              Font shape `OT1/ptm/b/it' tried instead on input line 1090.

LaTeX Font Info:    Font shape `OT1/ptm/bx/n' in size <9> not available
(Font)              Font shape `OT1/ptm/b/n' tried instead on input line 1090.
LaTeX Font Info:    Font shape `OT1/ptm/bx/it' in size <9> not available
(Font)              Font shape `OT1/ptm/b/it' tried instead on input line 1090.

LaTeX Font Info:    Font shape `OT1/ptm/bx/n' in size <10> not available
(Font)              Font shape `OT1/ptm/b/n' tried instead on input line 1090.
LaTeX Font Info:    Font shape `OT1/ptm/bx/it' in size <10> not available
(Font)              Font shape `OT1/ptm/b/it' tried instead on input line 1090.

LaTeX Font Info:    Font shape `OT1/ptm/bx/n' in size <11> not available
(Font)              Font shape `OT1/ptm/b/n' tried instead on input line 1090.
LaTeX Font Info:    Font shape `OT1/ptm/bx/it' in size <11> not available
(Font)              Font shape `OT1/ptm/b/it' tried instead on input line 1090.

LaTeX Font Info:    Font shape `OT1/ptm/bx/n' in size <12> not available
(Font)              Font shape `OT1/ptm/b/n' tried instead on input line 1090.
LaTeX Font Info:    Font shape `OT1/ptm/bx/it' in size <12> not available
(Font)              Font shape `OT1/ptm/b/it' tried instead on input line 1090.

LaTeX Font Info:    Font shape `OT1/ptm/bx/n' in size <17> not available
(Font)              Font shape `OT1/ptm/b/n' tried instead on input line 1090.
LaTeX Font Info:    Font shape `OT1/ptm/bx/it' in size <17> not available
(Font)              Font shape `OT1/ptm/b/it' tried instead on input line 1090.

LaTeX Font Info:    Font shape `OT1/ptm/bx/n' in size <20> not available
(Font)              Font shape `OT1/ptm/b/n' tried instead on input line 1090.
LaTeX Font Info:    Font shape `OT1/ptm/bx/it' in size <20> not available
(Font)              Font shape `OT1/ptm/b/it' tried instead on input line 1090.

LaTeX Font Info:    Font shape `OT1/ptm/bx/n' in size <24> not available
(Font)              Font shape `OT1/ptm/b/n' tried instead on input line 1090.
LaTeX Font Info:    Font shape `OT1/ptm/bx/it' in size <24> not available
(Font)              Font shape `OT1/ptm/b/it' tried instead on input line 1090.

\IEEEquantizedlength=\dimen155
\IEEEquantizedlengthdiff=\dimen156
\IEEEquantizedtextheightdiff=\dimen157
\IEEEilabelindentA=\dimen158
\IEEEilabelindentB=\dimen159
\IEEEilabelindent=\dimen160
\IEEEelabelindent=\dimen161
\IEEEdlabelindent=\dimen162
\IEEElabelindent=\dimen163
\IEEEiednormlabelsep=\dimen164
\IEEEiedmathlabelsep=\dimen165
\IEEEiedtopsep=\skip49
\c@section=\count278
\c@subsection=\count279
\c@subsubsection=\count280
\c@paragraph=\count281
\c@IEEEsubequation=\count282
\abovecaptionskip=\skip50
\belowcaptionskip=\skip51
\c@figure=\count283
\c@table=\count284
\@IEEEeqnnumcols=\count285
\@IEEEeqncolcnt=\count286
\@IEEEsubeqnnumrollback=\count287
\@IEEEquantizeheightA=\dimen166
\@IEEEquantizeheightB=\dimen167
\@IEEEquantizeheightC=\dimen168
\@IEEEquantizeprevdepth=\dimen169
\@IEEEquantizemultiple=\count288
\@IEEEquantizeboxA=\box53
\@IEEEtmpitemindent=\dimen170
\IEEEPARstartletwidth=\dimen171
\c@IEEEbiography=\count289
\@IEEEtranrubishbin=\box54
) (C:\Users\Pc Planet\AppData\Local\Programs\MiKTeX\tex/latex/base\inputenc.sty
Package: inputenc 2024/02/08 v1.3d Input encoding file
\inpenc@prehook=\toks18
\inpenc@posthook=\toks19
)
(C:\Users\Pc Planet\AppData\Local\Programs\MiKTeX\tex/latex/amsmath\amsmath.sty
Package: amsmath 2025/07/09 v2.17z AMS math features
\@mathmargin=\skip52
For additional information on amsmath, use the `?' option.

(C:\Users\Pc Planet\AppData\Local\Programs\MiKTeX\tex/latex/amsmath\amstext.sty
Package: amstext 2024/11/17 v2.01 AMS text
(C:\Users\Pc Planet\AppData\Local\Programs\MiKTeX\tex/latex/amsmath\amsgen.sty
File: amsgen.sty 1999/11/30 v2.0 generic functions
\@emptytoks=\toks20
\ex@=\dimen172
))
(C:\Users\Pc Planet\AppData\Local\Programs\MiKTeX\tex/latex/amsmath\amsbsy.sty
Package: amsbsy 1999/11/29 v1.2d Bold Symbols
\pmbraise@=\dimen173
) (C:\Users\Pc Planet\AppData\Local\Programs\MiKTeX\tex/latex/amsmath\amsopn.st
y
Package: amsopn 2022/04/08 v2.04 operator names
)
\inf@bad=\count290
LaTeX Info: Redefining \frac on input line 233.
\uproot@=\count291
\leftroot@=\count292
LaTeX Info: Redefining \overline on input line 398.
LaTeX Info: Redefining \colon on input line 409.
\classnum@=\count293
\DOTSCASE@=\count294
LaTeX Info: Redefining \ldots on input line 495.
LaTeX Info: Redefining \dots on input line 498.
LaTeX Info: Redefining \cdots on input line 619.
\Mathstrutbox@=\box55
\strutbox@=\box56
LaTeX Info: Redefining \big on input line 721.
LaTeX Info: Redefining \Big on input line 722.
LaTeX Info: Redefining \bigg on input line 723.
LaTeX Info: Redefining \Bigg on input line 724.
\big@size=\dimen174
LaTeX Font Info:    Redeclaring font encoding OML on input line 742.
LaTeX Font Info:    Redeclaring font encoding OMS on input line 743.
\macc@depth=\count295
LaTeX Info: Redefining \bmod on input line 904.
LaTeX Info: Redefining \pmod on input line 909.
LaTeX Info: Redefining \smash on input line 939.
LaTeX Info: Redefining \relbar on input line 969.
LaTeX Info: Redefining \Relbar on input line 970.
\c@MaxMatrixCols=\count296
\dotsspace@=\muskip17
\c@parentequation=\count297
\dspbrk@lvl=\count298
\tag@help=\toks21
\row@=\count299
\column@=\count300
\maxfields@=\count301
\andhelp@=\toks22
\eqnshift@=\dimen175
\alignsep@=\dimen176
\tagshift@=\dimen177
\tagwidth@=\dimen178
\totwidth@=\dimen179
\lineht@=\dimen180
\@envbody=\toks23
\multlinegap=\skip53
\multlinetaggap=\skip54
\mathdisplay@stack=\toks24
LaTeX Info: Redefining \[ on input line 2950.
LaTeX Info: Redefining \] on input line 2951.
)
(C:\Users\Pc Planet\AppData\Local\Programs\MiKTeX\tex/latex/amsfonts\amssymb.st
y
Package: amssymb 2013/01/14 v3.01 AMS font symbols

(C:\Users\Pc Planet\AppData\Local\Programs\MiKTeX\tex/latex/amsfonts\amsfonts.s
ty
Package: amsfonts 2013/01/14 v3.01 Basic AMSFonts support
\symAMSa=\mathgroup4
\symAMSb=\mathgroup5
LaTeX Font Info:    Redeclaring math symbol \hbar on input line 98.
LaTeX Font Info:    Overwriting math alphabet `\mathfrak' in version `bold'
(Font)                  U/euf/m/n --> U/euf/b/n on input line 106.
))
(C:\Users\Pc Planet\AppData\Local\Programs\MiKTeX\tex/latex/graphics\graphicx.s
ty
Package: graphicx 2024/12/31 v1.2e Enhanced LaTeX Graphics (DPC,SPQR)

(C:\Users\Pc Planet\AppData\Local\Programs\MiKTeX\tex/latex/graphics\keyval.sty
Package: keyval 2022/05/29 v1.15 key=value parser (DPC)
\KV@toks@=\toks25
)
(C:\Users\Pc Planet\AppData\Local\Programs\MiKTeX\tex/latex/graphics\graphics.s
ty
Package: graphics 2024/08/06 v1.4g Standard LaTeX Graphics (DPC,SPQR)

(C:\Users\Pc Planet\AppData\Local\Programs\MiKTeX\tex/latex/graphics\trig.sty
Package: trig 2023/12/02 v1.11 sin cos tan (DPC)
)
(C:\Users\Pc Planet\AppData\Local\Programs\MiKTeX\tex/latex/graphics-cfg\graphi
cs.cfg
File: graphics.cfg 2016/06/04 v1.11 sample graphics configuration
)
Package graphics Info: Driver file: pdftex.def on input line 106.

(C:\Users\Pc Planet\AppData\Local\Programs\MiKTeX\tex/latex/graphics-def\pdftex
.def
File: pdftex.def 2025/09/29 v1.2d Graphics/color driver for pdftex
))
\Gin@req@height=\dimen181
\Gin@req@width=\dimen182
)
(C:\Users\Pc Planet\AppData\Local\Programs\MiKTeX\tex/latex/booktabs\booktabs.s
ty
Package: booktabs 2020/01/12 v1.61803398 Publication quality tables
\heavyrulewidth=\dimen183
\lightrulewidth=\dimen184
\cmidrulewidth=\dimen185
\belowrulesep=\dimen186
\belowbottomsep=\dimen187
\aboverulesep=\dimen188
\abovetopsep=\dimen189
\cmidrulesep=\dimen190
\cmidrulekern=\dimen191
\defaultaddspace=\dimen192
\@cmidla=\count302
\@cmidlb=\count303
\@aboverulesep=\dimen193
\@belowrulesep=\dimen194
\@thisruleclass=\count304
\@lastruleclass=\count305
\@thisrulewidth=\dimen195
)
(C:\Users\Pc Planet\AppData\Local\Programs\MiKTeX\tex/latex/hyperref\hyperref.s
ty
Package: hyperref 2025-07-12 v7.01o Hypertext links for LaTeX

(C:\Users\Pc Planet\AppData\Local\Programs\MiKTeX\tex/generic/iftex\iftex.sty
Package: iftex 2024/12/12 v1.0g TeX engine tests
)
(C:\Users\Pc Planet\AppData\Local\Programs\MiKTeX\tex/latex/kvsetkeys\kvsetkeys
.sty
Package: kvsetkeys 2022-10-05 v1.19 Key value parser (HO)
)
(C:\Users\Pc Planet\AppData\Local\Programs\MiKTeX\tex/generic/kvdefinekeys\kvde
finekeys.sty
Package: kvdefinekeys 2019-12-19 v1.6 Define keys (HO)
)
(C:\Users\Pc Planet\AppData\Local\Programs\MiKTeX\tex/generic/pdfescape\pdfesca
pe.sty
Package: pdfescape 2019/12/09 v1.15 Implements pdfTeX's escape features (HO)

(C:\Users\Pc Planet\AppData\Local\Programs\MiKTeX\tex/generic/ltxcmds\ltxcmds.s
ty
Package: ltxcmds 2023-12-04 v1.26 LaTeX kernel commands for general use (HO)
)
(C:\Users\Pc Planet\AppData\Local\Programs\MiKTeX\tex/generic/pdftexcmds\pdftex
cmds.sty
Package: pdftexcmds 2020-06-27 v0.33 Utility functions of pdfTeX for LuaTeX (HO
)

(C:\Users\Pc Planet\AppData\Local\Programs\MiKTeX\tex/generic/infwarerr\infware
rr.sty
Package: infwarerr 2019/12/03 v1.5 Providing info/warning/error messages (HO)
)
Package pdftexcmds Info: \pdf@primitive is available.
Package pdftexcmds Info: \pdf@ifprimitive is available.
Package pdftexcmds Info: \pdfdraftmode found.
))
(C:\Users\Pc Planet\AppData\Local\Programs\MiKTeX\tex/latex/hycolor\hycolor.sty
Package: hycolor 2020-01-27 v1.10 Color options for hyperref/bookmark (HO)
)
(C:\Users\Pc Planet\AppData\Local\Programs\MiKTeX\tex/latex/hyperref\nameref.st
y
Package: nameref 2025-06-21 v2.57 Cross-referencing by name of section

(C:\Users\Pc Planet\AppData\Local\Programs\MiKTeX\tex/latex/refcount\refcount.s
ty
Package: refcount 2019/12/15 v3.6 Data extraction from label references (HO)
)
(C:\Users\Pc Planet\AppData\Local\Programs\MiKTeX\tex/generic/gettitlestring\ge
ttitlestring.sty
Package: gettitlestring 2019/12/15 v1.6 Cleanup title references (HO)

(C:\Users\Pc Planet\AppData\Local\Programs\MiKTeX\tex/latex/kvoptions\kvoptions
.sty
Package: kvoptions 2022-06-15 v3.15 Key value format for package options (HO)
))
\c@section@level=\count306
)
(C:\Users\Pc Planet\AppData\Local\Programs\MiKTeX\tex/latex/etoolbox\etoolbox.s
ty
Package: etoolbox 2025/10/02 v2.5m e-TeX tools for LaTeX (JAW)
\etb@tempcnta=\count307
)
(C:\Users\Pc Planet\AppData\Local\Programs\MiKTeX\tex/generic/stringenc\stringe
nc.sty
Package: stringenc 2019/11/29 v1.12 Convert strings between diff. encodings (HO
)
)
\@linkdim=\dimen196
\Hy@linkcounter=\count308
\Hy@pagecounter=\count309

(C:\Users\Pc Planet\AppData\Local\Programs\MiKTeX\tex/latex/hyperref\pd1enc.def
File: pd1enc.def 2025-07-12 v7.01o Hyperref: PDFDocEncoding definition (HO)
Now handling font encoding PD1 ...
... no UTF-8 mapping file for font encoding PD1
)
(C:\Users\Pc Planet\AppData\Local\Programs\MiKTeX\tex/generic/intcalc\intcalc.s
ty
Package: intcalc 2019/12/15 v1.3 Expandable calculations with integers (HO)
)
\Hy@SavedSpaceFactor=\count310

(C:\Users\Pc Planet\AppData\Local\Programs\MiKTeX\tex/latex/hyperref\puenc.def
File: puenc.def 2025-07-12 v7.01o Hyperref: PDF Unicode definition (HO)
Now handling font encoding PU ...
... no UTF-8 mapping file for font encoding PU
)
Package hyperref Info: Hyper figures OFF on input line 4195.
Package hyperref Info: Link nesting OFF on input line 4200.
Package hyperref Info: Hyper index ON on input line 4203.
Package hyperref Info: Plain pages OFF on input line 4210.
Package hyperref Info: Backreferencing OFF on input line 4215.
Package hyperref Info: Implicit mode ON; LaTeX internals redefined.
Package hyperref Info: Bookmarks ON on input line 4462.
\c@Hy@tempcnt=\count311
(C:\Users\Pc Planet\AppData\Local\Programs\MiKTeX\tex/latex/url\url.sty
\Urlmuskip=\muskip18
Package: url 2013/09/16  ver 3.4  Verb mode for urls, etc.
)
LaTeX Info: Redefining \url on input line 4801.
\XeTeXLinkMargin=\dimen197

(C:\Users\Pc Planet\AppData\Local\Programs\MiKTeX\tex/generic/bitset\bitset.sty
Package: bitset 2019/12/09 v1.3 Handle bit-vector datatype (HO)

(C:\Users\Pc Planet\AppData\Local\Programs\MiKTeX\tex/generic/bigintcalc\bigint
calc.sty
Package: bigintcalc 2019/12/15 v1.5 Expandable calculations on big integers (HO
)
))
\Fld@menulength=\count312
\Field@Width=\dimen198
\Fld@charsize=\dimen199
Package hyperref Info: Hyper figures OFF on input line 6078.
Package hyperref Info: Link nesting OFF on input line 6083.
Package hyperref Info: Hyper index ON on input line 6086.
Package hyperref Info: backreferencing OFF on input line 6093.
Package hyperref Info: Link coloring OFF on input line 6098.
Package hyperref Info: Link coloring with OCG OFF on input line 6103.
Package hyperref Info: PDF/A mode OFF on input line 6108.
\Hy@abspage=\count313
\c@Item=\count314
\c@Hfootnote=\count315
)
Package hyperref Info: Driver (autodetected): hpdftex.

(C:\Users\Pc Planet\AppData\Local\Programs\MiKTeX\tex/latex/hyperref\hpdftex.de
f
File: hpdftex.def 2025-07-12 v7.01o Hyperref driver for pdfTeX
\Fld@listcount=\count316
\c@bookmark@seq@number=\count317

(C:\Users\Pc Planet\AppData\Local\Programs\MiKTeX\tex/latex/rerunfilecheck\reru
nfilecheck.sty
Package: rerunfilecheck 2025-06-21 v1.11 Rerun checks for auxiliary files (HO)

(C:\Users\Pc Planet\AppData\Local\Programs\MiKTeX\tex/generic/uniquecounter\uni
quecounter.sty
Package: uniquecounter 2019/12/15 v1.4 Provide unlimited unique counter (HO)
)
Package uniquecounter Info: New unique counter `rerunfilecheck' on input line 2
84.
)
\Hy@SectionHShift=\skip55
)
(C:\Users\Pc Planet\AppData\Local\Programs\MiKTeX\tex/latex/xcolor\xcolor.sty
Package: xcolor 2024/09/29 v3.02 LaTeX color extensions (UK)

(C:\Users\Pc Planet\AppData\Local\Programs\MiKTeX\tex/latex/graphics-cfg\color.
cfg
File: color.cfg 2016/01/02 v1.6 sample color configuration
)
Package xcolor Info: Driver file: pdftex.def on input line 274.

(C:\Users\Pc Planet\AppData\Local\Programs\MiKTeX\tex/latex/graphics\mathcolor.
ltx)
Package xcolor Info: Model `cmy' substituted by `cmy0' on input line 1349.
Package xcolor Info: Model `hsb' substituted by `rgb' on input line 1353.
Package xcolor Info: Model `RGB' extended on input line 1365.
Package xcolor Info: Model `HTML' substituted by `rgb' on input line 1367.
Package xcolor Info: Model `Hsb' substituted by `hsb' on input line 1368.
Package xcolor Info: Model `tHsb' substituted by `hsb' on input line 1369.
Package xcolor Info: Model `HSB' substituted by `hsb' on input line 1370.
Package xcolor Info: Model `Gray' substituted by `gray' on input line 1371.
Package xcolor Info: Model `wave' substituted by `hsb' on input line 1372.
)
(C:\Users\Pc Planet\AppData\Local\Programs\MiKTeX\tex/latex/caption\subcaption.
sty
Package: subcaption 2023/07/28 v1.6b Sub-captions (AR)

(C:\Users\Pc Planet\AppData\Local\Programs\MiKTeX\tex/latex/caption\caption.sty
Package: caption 2023/08/05 v3.6o Customizing captions (AR)

(C:\Users\Pc Planet\AppData\Local\Programs\MiKTeX\tex/latex/caption\caption3.st
y
Package: caption3 2023/07/31 v2.4d caption3 kernel (AR)
\caption@tempdima=\dimen256
\captionmargin=\dimen257
\caption@leftmargin=\dimen258
\caption@rightmargin=\dimen259
\caption@width=\dimen260
\caption@indent=\dimen261
\caption@parindent=\dimen262
\caption@hangindent=\dimen263
Package caption Info: Unknown document class (or package),
(caption)             standard defaults will be used.
Package caption Info: \@makecaption = \long macro:#1#2->\ifx \@captype \@IEEEta
blestring \footnotesize \bgroup \par \centering \@IEEEtabletopskipstrut {\norma
lfont \footnotesize #1}\\{\normalfont \footnotesize \scshape #2}\par \addvspace
 {0.5\baselineskip }\egroup \@IEEEtablecaptionsepspace \else \@IEEEfigurecaptio
nsepspace \setbox \@tempboxa \hbox {\normalfont \footnotesize {#1.}\nobreakspac
e \nobreakspace #2}\ifdim \wd \@tempboxa >\hsize \setbox \@tempboxa \hbox {\nor
malfont \footnotesize {#1.}\nobreakspace \nobreakspace }\parbox [t]{\hsize }{\n
ormalfont \footnotesize \noindent \unhbox \@tempboxa #2}\else \ifCLASSOPTIONcon
ference \hbox to\hsize {\normalfont \footnotesize \hfil \box \@tempboxa \hfil }
\else \hbox to\hsize {\normalfont \footnotesize \box \@tempboxa \hfil }\fi \fi 
\fi  on input line 1175.
)

Package caption Warning: Unknown document class (or package),
(caption)                standard defaults will be used.
See the caption package documentation for explanation.

\c@caption@flags=\count318
\c@continuedfloat=\count319
Package caption Info: hyperref package is loaded.
)
Package caption Info: New subtype `subfigure' on input line 238.
\c@subfigure=\count320
Package caption Info: New subtype `subtable' on input line 238.
\c@subtable=\count321
)
(C:\Users\Pc Planet\AppData\Local\Programs\MiKTeX\tex/latex/multirow\multirow.s
ty
Package: multirow 2024/11/12 v2.9 Span multiple rows of a table
\multirow@colwidth=\skip56
\multirow@cntb=\count322
\multirow@dima=\skip57
\bigstrutjot=\dimen264
) (C:\Users\Pc Planet\AppData\Local\Programs\MiKTeX\tex/latex/tools\array.sty
Package: array 2025/09/25 v2.6n Tabular extension package (FMi)
\col@sep=\dimen265
\ar@mcellbox=\box57
\extrarowheight=\dimen266
\NC@list=\toks26
\extratabsurround=\skip58
\backup@length=\skip59
\ar@cellbox=\box58
) (C:\Users\Pc Planet\AppData\Local\Programs\MiKTeX\tex/latex/float\float.sty
Package: float 2001/11/08 v1.3d Float enhancements (AL)
\c@float@type=\count323
\float@exts=\toks27
\float@box=\box59
\@float@everytoks=\toks28
\@floatcapt=\box60
)
(C:\Users\Pc Planet\AppData\Local\Programs\MiKTeX\tex/latex/l3backend\l3backend
-pdftex.def
File: l3backend-pdftex.def 2025-10-09 L3 backend support: PDF output (pdfTeX)
\l__color_backend_stack_int=\count324
) (main.aux)
Runaway argument?
{\contentsline {subsection}{\numberline {\mbox {VII-D}}Results}{5}{su\ETC.
! File ended while scanning use of \@writefile.
<inserted text> 
                \par 
l.20 \begin{document}
                     
I suspect you have forgotten a `}', causing me
to read past where you wanted me to stop.
I'll try to recover; but if the error is serious,
you'd better type `E' or `X' now and fix your file.

\openout1 = `main.aux'.

LaTeX Font Info:    Checking defaults for OML/cmm/m/it on input line 20.
LaTeX Font Info:    ... okay on input line 20.
LaTeX Font Info:    Checking defaults for OMS/cmsy/m/n on input line 20.
LaTeX Font Info:    ... okay on input line 20.
LaTeX Font Info:    Checking defaults for OT1/cmr/m/n on input line 20.
LaTeX Font Info:    ... okay on input line 20.
LaTeX Font Info:    Checking defaults for T1/cmr/m/n on input line 20.
LaTeX Font Info:    ... okay on input line 20.
LaTeX Font Info:    Checking defaults for TS1/cmr/m/n on input line 20.
LaTeX Font Info:    ... okay on input line 20.
LaTeX Font Info:    Checking defaults for OMX/cmex/m/n on input line 20.
LaTeX Font Info:    ... okay on input line 20.
LaTeX Font Info:    Checking defaults for U/cmr/m/n on input line 20.
LaTeX Font Info:    ... okay on input line 20.
LaTeX Font Info:    Checking defaults for PD1/pdf/m/n on input line 20.
LaTeX Font Info:    ... okay on input line 20.
LaTeX Font Info:    Checking defaults for PU/pdf/m/n on input line 20.
LaTeX Font Info:    ... okay on input line 20.
-- Lines per column: 56 (exact).

(C:\Users\Pc Planet\AppData\Local\Programs\MiKTeX\tex/context/base/mkii\supp-pd
f.mkii
[Loading MPS to PDF converter (version 2006.09.02).]
\scratchcounter=\count325
\scratchdimen=\dimen267
\scratchbox=\box61
\nofMPsegments=\count326
\nofMParguments=\count327
\everyMPshowfont=\toks29
\MPscratchCnt=\count328
\MPscratchDim=\dimen268
\MPnumerator=\count329
\makeMPintoPDFobject=\count330
\everyMPtoPDFconversion=\toks30
)
(C:\Users\Pc Planet\AppData\Local\Programs\MiKTeX\tex/latex/epstopdf-pkg\epstop
df-base.sty
Package: epstopdf-base 2020-01-24 v2.11 Base part for package epstopdf
Package epstopdf-base Info: Redefining graphics rule for `.eps' on input line 4
85.

(C:\Users\Pc Planet\AppData\Local\Programs\MiKTeX\tex/latex/00miktex\epstopdf-s
ys.cfg
File: epstopdf-sys.cfg 2021/03/18 v2.0 Configuration of epstopdf for MiKTeX
))
Package hyperref Info: Link coloring OFF on input line 20.
 (main.out)
Runaway argument?
{ 
! File ended while scanning use of \@@BOOKMARK.
<inserted text> 
                \par 
l.20 \begin{document}
                     
I suspect you have forgotten a `}', causing me
to read past where you wanted me to stop.
I'll try to recover; but if the error is serious,
you'd better type `E' or `X' now and fix your file.

(main.out)
Runaway argument?
{ 
! File ended while scanning use of \@@BOOKMARK.
<inserted text> 
                \par 
l.20 \begin{document}
                     
I suspect you have forgotten a `}', causing me
to read past where you wanted me to stop.
I'll try to recover; but if the error is serious,
you'd better type `E' or `X' now and fix your file.

\@outlinefile=\write3
\openout3 = `main.out'.

Package caption Info: Begin \AtBeginDocument code.
Package caption Info: float package is loaded.
Package caption Info: End \AtBeginDocument code.
LaTeX Font Info:    Trying to load font information for U+msa on input line 22.

(C:\Users\Pc Planet\AppData\Local\Programs\MiKTeX\tex/latex/amsfonts\umsa.fd
File: umsa.fd 2013/01/14 v3.01 AMS symbols A
)
LaTeX Font Info:    Trying to load font information for U+msb on input line 22.


(C:\Users\Pc Planet\AppData\Local\Programs\MiKTeX\tex/latex/amsfonts\umsb.fd
File: umsb.fd 2013/01/14 v3.01 AMS symbols B
)

LaTeX Warning: Citation `vincent2008' on page 1 undefined on input line 38.


LaTeX Warning: Citation `wang2004ssim' on page 1 undefined on input line 38.


LaTeX Warning: Citation `shazeer2017' on page 1 undefined on input line 40.


LaTeX Warning: Citation `isola2017' on page 1 undefined on input line 42.


LaTeX Warning: Citation `dumoulin2017' on page 1 undefined on input line 42.


Underfull \hbox (badness 2951) in paragraph at lines 57--58
[]\OT1/ptm/b/n/10 Gaussian blur\OT1/ptm/m/n/10 : ker-nel size from $\OMS/cmsy/m
/n/10 f\OT1/cmr/m/n/10 3\OML/cmm/m/it/10 ; \OT1/cmr/m/n/10 5\OML/cmm/m/it/10 ; 
\OT1/cmr/m/n/10 7\OMS/cmsy/m/n/10 g$\OT1/ptm/m/n/10 , $\OML/cmm/m/it/10 ^^[ \OM
S/cmsy/m/n/10 ^^X
 []

[1{C:/Users/Pc Planet/AppData/Local/MiKTeX/fonts/map/pdftex/pdftex.map}{C:/User
s/Pc Planet/AppData/Local/Programs/MiKTeX/fonts/enc/dvips/base/8r.enc}


]
<../app/AI/figures/task1/optuna_history.png, id=118, 494.01707pt x 317.988pt>
File: ../app/AI/figures/task1/optuna_history.png Graphic file (type png)
<use ../app/AI/figures/task1/optuna_history.png>
Package pdftex.def Info: ../app/AI/figures/task1/optuna_history.png  used on in
put line 128.
(pdftex.def)             Requested size: 252.0pt x 162.20569pt.


LaTeX Warning: `h' float specifier changed to `ht'.

<../app/AI/figures/task1/optuna_importance.png, id=120, 508.47107pt x 314.89072
pt>
File: ../app/AI/figures/task1/optuna_importance.png Graphic file (type png)
<use ../app/AI/figures/task1/optuna_importance.png>
Package pdftex.def Info: ../app/AI/figures/task1/optuna_importance.png  used on
 input line 135.
(pdftex.def)             Requested size: 252.0pt x 156.06117pt.

LaTeX Warning: `h' float specifier changed to `ht'.


LaTeX Warning: `h' float specifier changed to `ht'.


LaTeX Warning: `h' float specifier changed to `ht'.

<../app/AI/figures/task1/training_curves.png, id=121, 1084.05pt x 274.626pt>
File: ../app/AI/figures/task1/training_curves.png Graphic file (type png)
<use ../app/AI/figures/task1/training_curves.png>
Package pdftex.def Info: ../app/AI/figures/task1/training_curves.png  used on i
nput line 189.
(pdftex.def)             Requested size: 252.0pt x 63.83731pt.

LaTeX Warning: `h' float specifier changed to `ht'.

<../app/AI/figures/task1/test_representative_1.png, id=122, 606.1044pt x 912.04
74pt>
File: ../app/AI/figures/task1/test_representative_1.png Graphic file (type png)

<use ../app/AI/figures/task1/test_representative_1.png>
Package pdftex.def Info: ../app/AI/figures/task1/test_representative_1.png  use
d on input line 196.
(pdftex.def)             Requested size: 252.0pt x 379.20236pt.

LaTeX Warning: `h' float specifier changed to `ht'.

<../app/AI/figures/task1/test_severity_curves.png, id=123, 867.24pt x 274.626pt
>
File: ../app/AI/figures/task1/test_severity_curves.png Graphic file (type png)
<use ../app/AI/figures/task1/test_severity_curves.png>
Package pdftex.def Info: ../app/AI/figures/task1/test_severity_curves.png  used
 on input line 203.
(pdftex.def)             Requested size: 252.0pt x 79.79872pt.

LaTeX Warning: `h' float specifier changed to `ht'.

<../app/AI/figures/task1/test_failure_cases.png, id=124, 619.5948pt x 615.7404p
t>
File: ../app/AI/figures/task1/test_failure_cases.png Graphic file (type png)
<use ../app/AI/figures/task1/test_failure_cases.png>
Package pdftex.def Info: ../app/AI/figures/task1/test_failure_cases.png  used o
n input line 212.
(pdftex.def)             Requested size: 252.0pt x 250.43518pt.

LaTeX Warning: `h' float specifier changed to `ht'.


LaTeX Warning: `h' float specifier changed to `ht'.

[2 <../app/AI/figures/task1/optuna_history.png> <../app/AI/figures/task1/optuna
_importance.png>]

LaTeX Warning: `h' float specifier changed to `ht'.


LaTeX Warning: `h' float specifier changed to `ht'.

<../app/AI/figures/task2/classifier_confusion.png, id=139, 640.3122pt x 312.206
4pt>
File: ../app/AI/figures/task2/classifier_confusion.png Graphic file (type png)
<use ../app/AI/figures/task2/classifier_confusion.png>
Package pdftex.def Info: ../app/AI/figures/task2/classifier_confusion.png  used
 on input line 293.
(pdftex.def)             Requested size: 189.0pt x 92.15248pt.

LaTeX Warning: `h' float specifier changed to `ht'.


LaTeX Warning: `h' float specifier changed to `ht'.

<../app/AI/figures/task2/routing_representative.png, id=140, 847.10764pt x 1778
.35822pt>
File: ../app/AI/figures/task2/routing_representative.png Graphic file (type png
)
<use ../app/AI/figures/task2/routing_representative.png>
Package pdftex.def Info: ../app/AI/figures/task2/routing_representative.png  us
ed on input line 327.
(pdftex.def)             Requested size: 252.0pt x 529.03423pt.

LaTeX Warning: `h' float specifier changed to `ht'.

<../app/AI/figures/task2/misrouting_failures.png, id=141, 844.52657pt x 711.343
29pt>
File: ../app/AI/figures/task2/misrouting_failures.png Graphic file (type png)
<use ../app/AI/figures/task2/misrouting_failures.png>
Package pdftex.def Info: ../app/AI/figures/task2/misrouting_failures.png  used 
on input line 334.
(pdftex.def)             Requested size: 252.0pt x 212.25409pt.

LaTeX Warning: `h' float specifier changed to `ht'.


Underfull \vbox (badness 10000) has occurred while \output is active []

 [3 <../app/AI/figures/task1/training_curves.png> <../app/AI/figures/task1/test
_representative_1.png>]

LaTeX Warning: `h' float specifier changed to `ht'.


LaTeX Warning: `h' float specifier changed to `ht'.

<../app/AI/figures/task3/routing_heatmap.png, id=154, 932.7648pt x 338.2236pt>
File: ../app/AI/figures/task3/routing_heatmap.png Graphic file (type png)
<use ../app/AI/figures/task3/routing_heatmap.png>
Package pdftex.def Info: ../app/AI/figures/task3/routing_heatmap.png  used on i
nput line 416.
(pdftex.def)             Requested size: 252.0pt x 91.3732pt.

LaTeX Warning: `h' float specifier changed to `ht'.

<../app/AI/figures/task3/routing_weight_distributions.png, id=155, 1156.32pt x 
245.718pt>
File: ../app/AI/figures/task3/routing_weight_distributions.png Graphic file (ty
pe png)
<use ../app/AI/figures/task3/routing_weight_distributions.png>
Package pdftex.def Info: ../app/AI/figures/task3/routing_weight_distributions.p
ng  used on input line 423.
(pdftex.def)             Requested size: 252.0pt x 53.5482pt.

LaTeX Warning: `h' float specifier changed to `ht'.


LaTeX Warning: `h' float specifier changed to `ht'.

<../app/AI/figures/task3/examples_representative.png, id=156, 925.056pt x 1777.
32579pt>
File: ../app/AI/figures/task3/examples_representative.png Graphic file (type pn
g)
<use ../app/AI/figures/task3/examples_representative.png>
Package pdftex.def Info: ../app/AI/figures/task3/examples_representative.png  u
sed on input line 451.
(pdftex.def)             Requested size: 252.0pt x 484.16931pt.

LaTeX Warning: `h' float specifier changed to `ht'.

<../app/AI/figures/task3/examples_failures.png, id=157, 922.47493pt x 711.34329
pt>
File: ../app/AI/figures/task3/examples_failures.png Graphic file (type png)
<use ../app/AI/figures/task3/examples_failures.png>
Package pdftex.def Info: ../app/AI/figures/task3/examples_failures.png  used on
 input line 458.
(pdftex.def)             Requested size: 252.0pt x 194.32292pt.

LaTeX Warning: `h' float specifier changed to `ht'.

[4 <../app/AI/figures/task1/test_severity_curves.png> <../app/AI/figures/task1/
test_failure_cases.png>]

LaTeX Warning: `h' float specifier changed to `ht'.


LaTeX Warning: `h' float specifier changed to `ht'.

<../app/AI/figures/task4/training_curves.png, id=175, 1373.13pt x 260.172pt>
File: ../app/AI/figures/task4/training_curves.png Graphic file (type png)
<use ../app/AI/figures/task4/training_curves.png>
Package pdftex.def Info: ../app/AI/figures/task4/training_curves.png  used on i
nput line 529.
(pdftex.def)             Requested size: 252.0pt x 47.74597pt.

LaTeX Warning: `h' float specifier changed to `ht'.

<../app/AI/figures/task4/test_examples.png, id=176, 470.86685pt x 1951.84592pt>

File: ../app/AI/figures/task4/test_examples.png Graphic file (type png)
<use ../app/AI/figures/task4/test_examples.png>
Package pdftex.def Info: ../app/AI/figures/task4/test_examples.png  used on inp
ut line 536.
(pdftex.def)             Requested size: 252.0pt x 1044.59956pt.

LaTeX Warning: Float too large for page by 406.1996pt on input line 539.


LaTeX Warning: `h' float specifier changed to `ht'.

<../app/AI/figures/task4/style_swap.png, id=177, 788.29892pt x 977.31277pt>
File: ../app/AI/figures/task4/style_swap.png Graphic file (type png)
<use ../app/AI/figures/task4/style_swap.png>
Package pdftex.def Info: ../app/AI/figures/task4/style_swap.png  used on input 
line 543.
(pdftex.def)             Requested size: 252.0pt x 312.4184pt.

LaTeX Warning: `h' float specifier changed to `ht'.

<../app/AI/figures/task4/test_failures.png, id=178, 470.86685pt x 975.645pt>
File: ../app/AI/figures/task4/test_failures.png Graphic file (type png)
<use ../app/AI/figures/task4/test_failures.png>
Package pdftex.def Info: ../app/AI/figures/task4/test_failures.png  used on inp
ut line 554.
(pdftex.def)             Requested size: 252.0pt x 522.15102pt.

LaTeX Warning: `h' float specifier changed to `ht'.

LaTeX Font Info:    Trying to load font information for OT1+pcr on input line 5
70.
(C:\Users\Pc Planet\AppData\Local\Programs\MiKTeX\tex/latex/psnfss\ot1pcr.fd
File: ot1pcr.fd 2001/06/04 font definitions for OT1/pcr.
)
<../Designs/universal-restoration/screen.png, id=179, 1509.64pt x 1606.0pt>
File: ../Designs/universal-restoration/screen.png Graphic file (type png)
<use ../Designs/universal-restoration/screen.png>
Package pdftex.def Info: ../Designs/universal-restoration/screen.png  used on i
nput line 574.
(pdftex.def)             Requested size: 252.0pt x 268.06627pt.


LaTeX Warning: `h' float specifier changed to `ht'.

<../Designs/hard-routed-restoration/screen.png, id=180, 1606.0pt x 1604.99625pt
>
File: ../Designs/hard-routed-restoration/screen.png Graphic file (type png)
<use ../Designs/hard-routed-restoration/screen.png>
Package pdftex.def Info: ../Designs/hard-routed-restoration/screen.png  used on
 input line 581.
(pdftex.def)             Requested size: 252.0pt x 251.83313pt.

LaTeX Warning: `h' float specifier changed to `ht'.

<../Designs/soft-mixture-of-experts-restoratoin/screen.png, id=181, 1606.0pt x 
1698.345pt>
File: ../Designs/soft-mixture-of-experts-restoratoin/screen.png Graphic file (t
ype png)
<use ../Designs/soft-mixture-of-experts-restoratoin/screen.png>
Package pdftex.def Info: ../Designs/soft-mixture-of-experts-restoratoin/screen.
png  used on input line 588.
(pdftex.def)             Requested size: 252.0pt x 266.48009pt.

LaTeX Warning: `h' float specifier changed to `ht'.

<../Designs/face-to-sketch/screen.png, id=182, 1606.0pt x 1505.625pt>
File: ../Designs/face-to-sketch/screen.png Graphic file (type png)
<use ../Designs/face-to-sketch/screen.png>
Package pdftex.def Info: ../Designs/face-to-sketch/screen.png  used on input li
ne 595.
(pdftex.def)             Requested size: 252.0pt x 236.24121pt.

LaTeX Warning: `h' float specifier changed to `ht'.

[5 <../app/AI/figures/task2/classifier_confusion.png>]
Underfull \vbox (badness 2221) has occurred while \output is active []


Underfull \hbox (badness 10000) in paragraph at lines 622--623
[]\OT1/ptm/m/n/10 Single-command startup: \OT1/pcr/m/n/10 docker compose up
 []

[6 <../app/AI/figures/task2/routing_representative.png> <../app/AI/figures/task
2/misrouting_failures.png>]

** Conference Paper **
Before submitting the final camera ready copy, remember to:

 1. Manually equalize the lengths of two columns on the last page
 of your paper;

 2. Ensure that any PostScript and/or PDF output post-processing
 uses only Type 1 fonts and that every step in the generation
 process uses the appropriate paper size.

[7 <../app/AI/figures/task3/routing_heatmap.png> <../app/AI/figures/task3/routi
ng_weight_distributions.png>] [8 <../app/AI/figures/task3/examples_representati
ve.png> <../app/AI/figures/task3/examples_failures.png> <../app/AI/figures/task
4/training_curves.png>] [9 <../app/AI/figures/task4/test_examples.png> <../app/
AI/figures/task4/style_swap.png>] [10 <../app/AI/figures/task4/test_failures.pn
g> <../Designs/universal-restoration/screen.png> <../Designs/hard-routed-restor
ation/screen.png>] [11

 <../Designs/soft-mixture-of-experts-restoratoin/screen.png> <../Designs/face-t
o-sketch/screen.png>] (main.aux)
 ***********
LaTeX2e <2025-11-01>
L3 programming layer <2025-12-24>
 ***********


LaTeX Warning: There were undefined references.


LaTeX Warning: Label(s) may have changed. Rerun to get cross-references right.


Package rerunfilecheck Warning: File `main.out' has changed.
(rerunfilecheck)                Rerun to get outlines right
(rerunfilecheck)                or use package `bookmark'.

Package rerunfilecheck Info: Checksums for `main.out':
(rerunfilecheck)             Before: 9E55875A8E2D22A3DCA8AF86E7F9ECE0;4096
(rerunfilecheck)             After:  F54CA5844357E01A9D2D757031DB1413;6056.
 ) 
Here is how much of TeX's memory you used:
 13029 strings out of 467871
 215875 string characters out of 5416404
 651468 words of memory out of 5000000
 41655 multiletter control sequences out of 15000+600000
 668415 words of font info for 116 fonts, out of 8000000 for 9000
 1141 hyphenation exceptions out of 8191
 75i,13n,79p,872b,534s stack positions out of 10000i,1000n,20000p,200000b,200000s
<C:/Users/Pc Planet/AppData/Local/Programs/MiKTeX/fonts/type1/public/amsfonts
/cm/cmex10.pfb><C:/Users/Pc Planet/AppData/Local/Programs/MiKTeX/fonts/type1/pu
blic/amsfonts/cm/cmmi10.pfb><C:/Users/Pc Planet/AppData/Local/Programs/MiKTeX/f
onts/type1/public/amsfonts/cm/cmmi6.pfb><C:/Users/Pc Planet/AppData/Local/Progr
ams/MiKTeX/fonts/type1/public/amsfonts/cm/cmmi7.pfb><C:/Users/Pc Planet/AppData
/Local/Programs/MiKTeX/fonts/type1/public/amsfonts/cm/cmmi8.pfb><C:/Users/Pc Pl
anet/AppData/Local/Programs/MiKTeX/fonts/type1/public/amsfonts/cm/cmr10.pfb><C:
/Users/Pc Planet/AppData/Local/Programs/MiKTeX/fonts/type1/public/amsfonts/cm/c
mr6.pfb><C:/Users/Pc Planet/AppData/Local/Programs/MiKTeX/fonts/type1/public/am
sfonts/cm/cmr7.pfb><C:/Users/Pc Planet/AppData/Local/Programs/MiKTeX/fonts/type
1/public/amsfonts/cm/cmr8.pfb><C:/Users/Pc Planet/AppData/Local/Programs/MiKTeX
/fonts/type1/public/amsfonts/cm/cmsy10.pfb><C:/Users/Pc Planet/AppData/Local/Pr
ograms/MiKTeX/fonts/type1/public/amsfonts/cm/cmsy6.pfb><C:/Users/Pc Planet/AppD
ata/Local/Programs/MiKTeX/fonts/type1/public/amsfonts/cm/cmsy7.pfb><C:/Users/Pc
 Planet/AppData/Local/Programs/MiKTeX/fonts/type1/public/amsfonts/cm/cmsy8.pfb>
<C:/Users/Pc Planet/AppData/Local/Programs/MiKTeX/fonts/type1/urw/courier/ucrr8
a.pfb><C:/Users/Pc Planet/AppData/Local/Programs/MiKTeX/fonts/type1/urw/times/u
tmb8a.pfb><C:/Users/Pc Planet/AppData/Local/Programs/MiKTeX/fonts/type1/urw/tim
es/utmbi8a.pfb><C:/Users/Pc Planet/AppData/Local/Programs/MiKTeX/fonts/type1/ur
w/times/utmr8a.pfb><C:/Users/Pc Planet/AppData/Local/Programs/MiKTeX/fonts/type
1/urw/times/utmri8a.pfb>
Output written on main.pdf (11 pages, 28882017 bytes).
PDF statistics:
 368 PDF objects out of 1000 (max. 8388607)
 100 named destinations out of 1000 (max. 500000)
 298 words of extra memory for PDF output out of 10000 (max. 10000000)

